// Jest Snapshot v1, https://goo.gl/fbAQLP

exports[`Svg DOM 1`] = `
<svg
  height="26px"
  viewBox="0 0 20 20"
  width="26px"
  xmlns="http://www.w3.org/2000/svg"
>
  <path
    className="fslightbox-svg-path"
    d="M142"
  />
</svg>
`;
